2022-03-15 16:02:09,649 DEBUG [apiautotest] [client.py (send:44] - 接口的url是:http://www.mtxshop.com:7002/passport/login
2022-03-15 16:02:09,650 DEBUG [apiautotest] [client.py (send:44] - 接口的method是:post
2022-03-15 16:02:09,650 DEBUG [apiautotest] [client.py (send:44] - 接口的headers是:{'Authorization': ''}
2022-03-15 16:02:09,650 DEBUG [apiautotest] [client.py (send:44] - 接口的params是:{'username': 'shamo', 'password': 'e10adc3949ba59abbe56e057f20f883e', 'captcha': '1512', 'uuid': 'jsjdhdhdhdhdhdhh'}
2022-03-15 16:02:09,650 DEBUG [apiautotest] [client.py (send:44] - 接口的data是:None
2022-03-15 16:02:09,650 DEBUG [apiautotest] [client.py (send:44] - 接口的json是:None
2022-03-15 16:02:09,650 DEBUG [apiautotest] [client.py (send:44] - 接口的files是:None
2022-03-15 16:02:09,967 DEBUG [apiautotest] [client.py (send:47] - 接口的响应状态码是:200
2022-03-15 16:02:09,967 DEBUG [apiautotest] [client.py (send:48] - 接口的响应是:{"uid":59,"username":"shamo","nickname":"zyx2","access_token":"eyJhbGciOiJIUzUxMiJ9.eyJzZWxmT3BlcmF0ZWQiOjAsInN1YiI6IkNMRVJLIiwicm9sZSI6IlNVUEVSX1NFTExFUiIsImZvdW5kZXIiOm51bGwsInJvbGVzIjpbIkJVWUVSIiwiU0VMTEVSIiwiQ0xFUksiXSwic2VsbGVyTmFtZSI6IuWwj-a1t-ixmiIsImNsZXJrSWQiOjE1MiwidXVpZCI6bnVsbCwidWlkIjo1OSwic2VsbGVySWQiOjE5OSwiY2xlcmtOYW1lIjoic2hhbW8iLCJleHAiOjE2NDczMzI1MjksInVzZXJuYW1lIjoic2hhbW8ifQ.Y5V_ERmCi_OcA2hjaSe_RcC4GwuflKDYFqnoaRxJVgfbj9tTo2MKmyPlhhNErmRyDeU3-rM8LXeBfCK6pWqIvg","refresh_token":"eyJhbGciOiJIUzUxMiJ9.eyJzZWxmT3BlcmF0ZWQiOjAsInN1YiI6IkNMRVJLIiwicm9sZSI6IlNVUEVSX1NFTExFUiIsImZvdW5kZXIiOm51bGwsInJvbGVzIjpbIkJVWUVSIiwiU0VMTEVSIiwiQ0xFUksiXSwic2VsbGVyTmFtZSI6IuWwj-a1t-ixmiIsImNsZXJrSWQiOjE1MiwidXVpZCI6bnVsbCwidWlkIjo1OSwic2VsbGVySWQiOjE5OSwiY2xlcmtOYW1lIjoic2hhbW8iLCJleHAiOjE2NDczMzMxMzAsInVzZXJuYW1lIjoic2hhbW8ifQ.hLk_c1ujDWg9ikbtR5ZkgvGNZEHuz_TxDYpwJXK_urM5yuPi4iivL3fbntC7oNth6jtEMdHcF19H8QhaJtCJ_w","face":"http://www.mtxshop.com:7000/statics/attachment/normal/2022/3/3/9/30199251.png"}
2022-03-15 16:02:09,968 DEBUG [apiautotest] [client.py (send:44] - 接口的url是:http://www.mtxshop.com:7002/trade/carts
2022-03-15 16:02:09,968 DEBUG [apiautotest] [client.py (send:44] - 接口的method是:post
2022-03-15 16:02:09,968 DEBUG [apiautotest] [client.py (send:44] - 接口的headers是:{'Authorization': 'eyJhbGciOiJIUzUxMiJ9.eyJzZWxmT3BlcmF0ZWQiOjAsInN1YiI6IkNMRVJLIiwicm9sZSI6IlNVUEVSX1NFTExFUiIsImZvdW5kZXIiOm51bGwsInJvbGVzIjpbIkJVWUVSIiwiU0VMTEVSIiwiQ0xFUksiXSwic2VsbGVyTmFtZSI6IuWwj-a1t-ixmiIsImNsZXJrSWQiOjE1MiwidXVpZCI6bnVsbCwidWlkIjo1OSwic2VsbGVySWQiOjE5OSwiY2xlcmtOYW1lIjoic2hhbW8iLCJleHAiOjE2NDczMzI1MjksInVzZXJuYW1lIjoic2hhbW8ifQ.Y5V_ERmCi_OcA2hjaSe_RcC4GwuflKDYFqnoaRxJVgfbj9tTo2MKmyPlhhNErmRyDeU3-rM8LXeBfCK6pWqIvg'}
2022-03-15 16:02:09,968 DEBUG [apiautotest] [client.py (send:44] - 接口的params是:{'sku_id': 5173, 'num': 1}
2022-03-15 16:02:09,969 DEBUG [apiautotest] [client.py (send:44] - 接口的data是:None
2022-03-15 16:02:09,969 DEBUG [apiautotest] [client.py (send:44] - 接口的json是:None
2022-03-15 16:02:09,969 DEBUG [apiautotest] [client.py (send:44] - 接口的files是:None
2022-03-15 16:02:10,026 DEBUG [apiautotest] [client.py (send:47] - 接口的响应状态码是:200
2022-03-15 16:02:10,026 DEBUG [apiautotest] [client.py (send:48] - 接口的响应是:{"sku_id":5173,"goods_id":4942,"goods_name":"沙陌**炒锅","sn":"shamo001","quantity":9999925,"enable_quantity":9997223,"price":179.0,"cost":50.0,"weight":2.0,"seller_id":20,"seller_name":"沙陌的店","category_id":83,"thumbnail":"http://www.mtxshop.com:7000/statics/attachment/goods/2021/12/13/21/50442449.png_300x300.png","hash_code":-1,"template_id":0,"spec_list":null,"goods_transfee_charge":1,"disabled":1,"market_enable":1,"goods_type":"NORMAL","last_modify":1640517899,"scripts":null,"num":5,"checked":1,"single_list":[],"group_list":[]}
2022-03-15 16:02:10,034 DEBUG [apiautotest] [client.py (send:44] - 接口的url是:http://www.mtxshop.com:7002/trade/carts
2022-03-15 16:02:10,034 DEBUG [apiautotest] [client.py (send:44] - 接口的method是:post
2022-03-15 16:02:10,034 DEBUG [apiautotest] [client.py (send:44] - 接口的headers是:{'Authorization': 'eyJhbGciOiJIUzUxMiJ9.eyJzZWxmT3BlcmF0ZWQiOjAsInN1YiI6IkNMRVJLIiwicm9sZSI6IlNVUEVSX1NFTExFUiIsImZvdW5kZXIiOm51bGwsInJvbGVzIjpbIkJVWUVSIiwiU0VMTEVSIiwiQ0xFUksiXSwic2VsbGVyTmFtZSI6IuWwj-a1t-ixmiIsImNsZXJrSWQiOjE1MiwidXVpZCI6bnVsbCwidWlkIjo1OSwic2VsbGVySWQiOjE5OSwiY2xlcmtOYW1lIjoic2hhbW8iLCJleHAiOjE2NDczMzI1MjksInVzZXJuYW1lIjoic2hhbW8ifQ.Y5V_ERmCi_OcA2hjaSe_RcC4GwuflKDYFqnoaRxJVgfbj9tTo2MKmyPlhhNErmRyDeU3-rM8LXeBfCK6pWqIvg'}
2022-03-15 16:02:10,034 DEBUG [apiautotest] [client.py (send:44] - 接口的params是:{'sku_id': 5875, 'num': 1}
2022-03-15 16:02:10,034 DEBUG [apiautotest] [client.py (send:44] - 接口的data是:None
2022-03-15 16:02:10,034 DEBUG [apiautotest] [client.py (send:44] - 接口的json是:None
2022-03-15 16:02:10,034 DEBUG [apiautotest] [client.py (send:44] - 接口的files是:None
2022-03-15 16:02:10,097 DEBUG [apiautotest] [client.py (send:47] - 接口的响应状态码是:200
2022-03-15 16:02:10,097 DEBUG [apiautotest] [client.py (send:48] - 接口的响应是:{"sku_id":5875,"goods_id":5644,"goods_name":"沙陌**炒锅","sn":"shamo001","quantity":9999999,"enable_quantity":9999999,"price":179.0,"cost":50.0,"weight":2.0,"seller_id":20,"seller_name":"沙陌的店","category_id":83,"thumbnail":"http://www.mtxshop.com:7000/statics/attachment/goods/2021/12/13/21/50442449.png_300x300.png","hash_code":-1,"template_id":0,"spec_list":null,"goods_transfee_charge":1,"disabled":1,"market_enable":0,"goods_type":"NORMAL","last_modify":1644741597,"scripts":null,"num":5,"checked":1,"single_list":[],"group_list":[]}
2022-03-15 16:02:10,193 DEBUG [apiautotest] [client.py (send:44] - 接口的url是:http://www.mtxshop.com:7002/trade/carts
2022-03-15 16:02:10,194 DEBUG [apiautotest] [client.py (send:44] - 接口的method是:post
2022-03-15 16:02:10,194 DEBUG [apiautotest] [client.py (send:44] - 接口的headers是:{'Authorization': 'eyJhbGciOiJIUzUxMiJ9.eyJzZWxmT3BlcmF0ZWQiOjAsInN1YiI6IkNMRVJLIiwicm9sZSI6IlNVUEVSX1NFTExFUiIsImZvdW5kZXIiOm51bGwsInJvbGVzIjpbIkJVWUVSIiwiU0VMTEVSIiwiQ0xFUksiXSwic2VsbGVyTmFtZSI6IuWwj-a1t-ixmiIsImNsZXJrSWQiOjE1MiwidXVpZCI6bnVsbCwidWlkIjo1OSwic2VsbGVySWQiOjE5OSwiY2xlcmtOYW1lIjoic2hhbW8iLCJleHAiOjE2NDczMzI1MjksInVzZXJuYW1lIjoic2hhbW8ifQ.Y5V_ERmCi_OcA2hjaSe_RcC4GwuflKDYFqnoaRxJVgfbj9tTo2MKmyPlhhNErmRyDeU3-rM8LXeBfCK6pWqIvg'}
2022-03-15 16:02:10,194 DEBUG [apiautotest] [client.py (send:44] - 接口的params是:{'sku_id': 456665, 'num': 1}
2022-03-15 16:02:10,194 DEBUG [apiautotest] [client.py (send:44] - 接口的data是:None
2022-03-15 16:02:10,194 DEBUG [apiautotest] [client.py (send:44] - 接口的json是:None
2022-03-15 16:02:10,194 DEBUG [apiautotest] [client.py (send:44] - 接口的files是:None
2022-03-15 16:02:10,236 DEBUG [apiautotest] [client.py (send:47] - 接口的响应状态码是:500
2022-03-15 16:02:10,236 DEBUG [apiautotest] [client.py (send:48] - 接口的响应是:{"code":"451","message":"商品已失效，请刷新购物车"}
2022-03-15 16:02:10,290 DEBUG [apiautotest] [client.py (send:44] - 接口的url是:http://www.mtxshop.com:7002/trade/carts
2022-03-15 16:02:10,290 DEBUG [apiautotest] [client.py (send:44] - 接口的method是:post
2022-03-15 16:02:10,290 DEBUG [apiautotest] [client.py (send:44] - 接口的headers是:{'Authorization': 'eyJhbGciOiJIUzUxMiJ9.eyJzZWxmT3BlcmF0ZWQiOjAsInN1YiI6IkNMRVJLIiwicm9sZSI6IlNVUEVSX1NFTExFUiIsImZvdW5kZXIiOm51bGwsInJvbGVzIjpbIkJVWUVSIiwiU0VMTEVSIiwiQ0xFUksiXSwic2VsbGVyTmFtZSI6IuWwj-a1t-ixmiIsImNsZXJrSWQiOjE1MiwidXVpZCI6bnVsbCwidWlkIjo1OSwic2VsbGVySWQiOjE5OSwiY2xlcmtOYW1lIjoic2hhbW8iLCJleHAiOjE2NDczMzI1MjksInVzZXJuYW1lIjoic2hhbW8ifQ.Y5V_ERmCi_OcA2hjaSe_RcC4GwuflKDYFqnoaRxJVgfbj9tTo2MKmyPlhhNErmRyDeU3-rM8LXeBfCK6pWqIvg'}
2022-03-15 16:02:10,290 DEBUG [apiautotest] [client.py (send:44] - 接口的params是:{'sku_id': 5173, 'num': 99999999}
2022-03-15 16:02:10,290 DEBUG [apiautotest] [client.py (send:44] - 接口的data是:None
2022-03-15 16:02:10,291 DEBUG [apiautotest] [client.py (send:44] - 接口的json是:None
2022-03-15 16:02:10,291 DEBUG [apiautotest] [client.py (send:44] - 接口的files是:None
2022-03-15 16:02:10,356 DEBUG [apiautotest] [client.py (send:47] - 接口的响应状态码是:500
2022-03-15 16:02:10,356 DEBUG [apiautotest] [client.py (send:48] - 接口的响应是:{"code":"451","message":"商品库存已不足，不能购买。"}
2022-03-15 16:02:10,371 DEBUG [apiautotest] [client.py (send:44] - 接口的url是:http://www.mtxshop.com:7002/trade/carts
2022-03-15 16:02:10,371 DEBUG [apiautotest] [client.py (send:44] - 接口的method是:post
2022-03-15 16:02:10,371 DEBUG [apiautotest] [client.py (send:44] - 接口的headers是:{'Authorization': 'eyJhbGciOiJIUzUxMiJ9.eyJzZWxmT3BlcmF0ZWQiOjAsInN1YiI6IkNMRVJLIiwicm9sZSI6IlNVUEVSX1NFTExFUiIsImZvdW5kZXIiOm51bGwsInJvbGVzIjpbIkJVWUVSIiwiU0VMTEVSIiwiQ0xFUksiXSwic2VsbGVyTmFtZSI6IuWwj-a1t-ixmiIsImNsZXJrSWQiOjE1MiwidXVpZCI6bnVsbCwidWlkIjo1OSwic2VsbGVySWQiOjE5OSwiY2xlcmtOYW1lIjoic2hhbW8iLCJleHAiOjE2NDczMzI1MjksInVzZXJuYW1lIjoic2hhbW8ifQ.Y5V_ERmCi_OcA2hjaSe_RcC4GwuflKDYFqnoaRxJVgfbj9tTo2MKmyPlhhNErmRyDeU3-rM8LXeBfCK6pWqIvg'}
2022-03-15 16:02:10,371 DEBUG [apiautotest] [client.py (send:44] - 接口的params是:{'sku_id': 5173, 'num': 0}
2022-03-15 16:02:10,371 DEBUG [apiautotest] [client.py (send:44] - 接口的data是:None
2022-03-15 16:02:10,372 DEBUG [apiautotest] [client.py (send:44] - 接口的json是:None
2022-03-15 16:02:10,372 DEBUG [apiautotest] [client.py (send:44] - 接口的files是:None
2022-03-15 16:02:10,447 DEBUG [apiautotest] [client.py (send:47] - 接口的响应状态码是:400
2022-03-15 16:02:10,447 DEBUG [apiautotest] [client.py (send:48] - 接口的响应是:{"code":"004","message":"加入购物车数量必须大于0"}
2022-03-15 16:02:10,461 DEBUG [apiautotest] [client.py (send:44] - 接口的url是:http://www.mtxshop.com:7002/trade/carts
2022-03-15 16:02:10,461 DEBUG [apiautotest] [client.py (send:44] - 接口的method是:post
2022-03-15 16:02:10,461 DEBUG [apiautotest] [client.py (send:44] - 接口的headers是:{'Authorization': 'eyJhbGciOiJIUzUxMiJ9.eyJzZWxmT3BlcmF0ZWQiOjAsInN1YiI6IkNMRVJLIiwicm9sZSI6IlNVUEVSX1NFTExFUiIsImZvdW5kZXIiOm51bGwsInJvbGVzIjpbIkJVWUVSIiwiU0VMTEVSIiwiQ0xFUksiXSwic2VsbGVyTmFtZSI6IuWwj-a1t-ixmiIsImNsZXJrSWQiOjE1MiwidXVpZCI6bnVsbCwidWlkIjo1OSwic2VsbGVySWQiOjE5OSwiY2xlcmtOYW1lIjoic2hhbW8iLCJleHAiOjE2NDczMzI1MjksInVzZXJuYW1lIjoic2hhbW8ifQ.Y5V_ERmCi_OcA2hjaSe_RcC4GwuflKDYFqnoaRxJVgfbj9tTo2MKmyPlhhNErmRyDeU3-rM8LXeBfCK6pWqIvg'}
2022-03-15 16:02:10,461 DEBUG [apiautotest] [client.py (send:44] - 接口的params是:{'sku_id': 5173, 'num': -1}
2022-03-15 16:02:10,462 DEBUG [apiautotest] [client.py (send:44] - 接口的data是:None
2022-03-15 16:02:10,462 DEBUG [apiautotest] [client.py (send:44] - 接口的json是:None
2022-03-15 16:02:10,462 DEBUG [apiautotest] [client.py (send:44] - 接口的files是:None
2022-03-15 16:02:10,521 DEBUG [apiautotest] [client.py (send:47] - 接口的响应状态码是:400
2022-03-15 16:02:10,521 DEBUG [apiautotest] [client.py (send:48] - 接口的响应是:{"code":"004","message":"加入购物车数量必须大于0"}
2022-03-15 16:02:10,537 DEBUG [apiautotest] [client.py (send:44] - 接口的url是:http://www.mtxshop.com:7002/trade/carts
2022-03-15 16:02:10,537 DEBUG [apiautotest] [client.py (send:44] - 接口的method是:post
2022-03-15 16:02:10,537 DEBUG [apiautotest] [client.py (send:44] - 接口的headers是:{'Authorization': 'eyJhbGciOiJIUzUxMiJ9.eyJzZWxmT3BlcmF0ZWQiOjAsInN1YiI6IkNMRVJLIiwicm9sZSI6IlNVUEVSX1NFTExFUiIsImZvdW5kZXIiOm51bGwsInJvbGVzIjpbIkJVWUVSIiwiU0VMTEVSIiwiQ0xFUksiXSwic2VsbGVyTmFtZSI6IuWwj-a1t-ixmiIsImNsZXJrSWQiOjE1MiwidXVpZCI6bnVsbCwidWlkIjo1OSwic2VsbGVySWQiOjE5OSwiY2xlcmtOYW1lIjoic2hhbW8iLCJleHAiOjE2NDczMzI1MjksInVzZXJuYW1lIjoic2hhbW8ifQ.Y5V_ERmCi_OcA2hjaSe_RcC4GwuflKDYFqnoaRxJVgfbj9tTo2MKmyPlhhNErmRyDeU3-rM8LXeBfCK6pWqIvg'}
2022-03-15 16:02:10,537 DEBUG [apiautotest] [client.py (send:44] - 接口的params是:{'sku_id': 5173, 'num': None}
2022-03-15 16:02:10,537 DEBUG [apiautotest] [client.py (send:44] - 接口的data是:None
2022-03-15 16:02:10,537 DEBUG [apiautotest] [client.py (send:44] - 接口的json是:None
2022-03-15 16:02:10,537 DEBUG [apiautotest] [client.py (send:44] - 接口的files是:None
2022-03-15 16:02:10,594 DEBUG [apiautotest] [client.py (send:47] - 接口的响应状态码是:400
2022-03-15 16:02:10,594 DEBUG [apiautotest] [client.py (send:48] - 接口的响应是:{"code":"004","message":"购买数量不能为空"}
2022-03-15 16:02:10,609 DEBUG [apiautotest] [client.py (send:44] - 接口的url是:http://www.mtxshop.com:7002/trade/carts
2022-03-15 16:02:10,609 DEBUG [apiautotest] [client.py (send:44] - 接口的method是:post
2022-03-15 16:02:10,609 DEBUG [apiautotest] [client.py (send:44] - 接口的headers是:{'Authorization': 'eyJhbGciOiJIUzUxMiJ9.eyJzZWxmT3BlcmF0ZWQiOjAsInN1YiI6IkNMRVJLIiwicm9sZSI6IlNVUEVSX1NFTExFUiIsImZvdW5kZXIiOm51bGwsInJvbGVzIjpbIkJVWUVSIiwiU0VMTEVSIiwiQ0xFUksiXSwic2VsbGVyTmFtZSI6IuWwj-a1t-ixmiIsImNsZXJrSWQiOjE1MiwidXVpZCI6bnVsbCwidWlkIjo1OSwic2VsbGVySWQiOjE5OSwiY2xlcmtOYW1lIjoic2hhbW8iLCJleHAiOjE2NDczMzI1MjksInVzZXJuYW1lIjoic2hhbW8ifQ.Y5V_ERmCi_OcA2hjaSe_RcC4GwuflKDYFqnoaRxJVgfbj9tTo2MKmyPlhhNErmRyDeU3-rM8LXeBfCK6pWqIvg'}
2022-03-15 16:02:10,609 DEBUG [apiautotest] [client.py (send:44] - 接口的params是:{'sku_id': None, 'num': 1}
2022-03-15 16:02:10,609 DEBUG [apiautotest] [client.py (send:44] - 接口的data是:None
2022-03-15 16:02:10,609 DEBUG [apiautotest] [client.py (send:44] - 接口的json是:None
2022-03-15 16:02:10,609 DEBUG [apiautotest] [client.py (send:44] - 接口的files是:None
2022-03-15 16:02:10,671 DEBUG [apiautotest] [client.py (send:47] - 接口的响应状态码是:400
2022-03-15 16:02:10,671 DEBUG [apiautotest] [client.py (send:48] - 接口的响应是:{"code":"004","message":"产品id不能为空"}
